[06:45:45] [Test] [INFO]: Yeah
[06:45:45] [Test] [DEBUG]: Youpi
[06:45:45] [Test] [WARNING]: Uh
[06:45:45] [Test] [ERROR]: Oof
